Jacie gacie ale świeci
